// Jest Snapshot v1, https://goo.gl/fbAQLP

exports[`gets chains 1`] = `
Object {
  "akash": Object {
    "binary": "akash",
    "binaryRelativePath": "akash_0.14.0_linux_amd64/akash",
    "binaryUrl": "https://github.com/ovrclk/akash/releases/download/v0.14.0/akash_0.14.0_linux_amd64.zip",
    "chainId": "akash-testnet-6",
    "denom": "uakt",
    "devnet-1": Object {
      "channelId": 115,
      "counterpartyChannelId": 65,
    },
    "disabled": true,
    "fees": 5000,
    "home": "/tmp/localnet/config/akash/akash-testnet-6",
    "node": "http://147.75.32.35:26657",
    "p2pPort": 12002,
    "pprofPort": 13002,
    "prefix": "akash",
    "rpcPort": 11002,
    "testnet-1": Object {
      "channelId": 12,
      "counterpartyChannelId": 66,
    },
  },
  "cosmos": Object {
    "binary": "gaiad",
    "binaryUrl": "https://github.com/cosmos/gaia/releases/download/v5.0.8/gaiad-v5.0.8-linux-amd64",
    "chainId": "cosmoshub-testnet",
    "denom": "uphoton",
    "devnet-1": Object {
      "channelId": 101,
      "counterpartyChannelId": 3,
    },
    "faucet": "https://faucet.testnet.cosmos.network",
    "fees": 0,
    "home": "/tmp/localnet/config/cosmos/cosmoshub-testnet",
    "node": "https://rpc.testnet.cosmos.network:443",
    "p2pPort": 12001,
    "pprofPort": 13001,
    "prefix": "cosmos",
    "rpcPort": 11001,
    "testnet-1": Object {
      "channelId": 11,
      "counterpartyChannelId": 27,
    },
  },
  "iris": Object {
    "binary": "iris",
    "chainId": "nyancat-8",
    "denom": "unyan",
    "devnet-1": Object {
      "channelId": 117,
      "counterpartyChannelId": 24,
    },
    "disabled": true,
    "fees": 400,
    "home": "/tmp/localnet/config/iris/nyancat-8",
    "node": "http://35.234.10.84:26657",
    "p2pPort": 12003,
    "pprofPort": 13003,
    "prefix": "iaa",
    "rpcPort": 11003,
    "sourceRelativePath": "irishub-1.1.1",
    "sourceUrl": "https://github.com/irisnet/irishub/archive/refs/tags/v1.1.1.zip",
    "testnet-1": Object {
      "channelId": 14,
      "counterpartyChannelId": 25,
      "receiver": Object {
        "denom": "ibc/7EABFE14CD2B6F8B0444A0ED0D7BCB947A81D0B74CE5B571C73DE61DFA261193",
        "fees": 150000,
        "gas": 300000,
      },
    },
  },
  "osmosis": Object {
    "binary": "osmosis",
    "binaryUrl": "https://github.com/osmosis-labs/osmosis/releases/download/v4.2.0/osmosisd-4.2.0-linux-amd64",
    "chainId": "osmosis-1",
    "denom": "uosmo",
    "devnet-1": Object {
      "channelId": 74,
      "counterpartyChannelId": 22,
    },
    "disabled": true,
    "fees": 0,
    "home": "/tmp/localnet/config/osmosis/osmosis-1",
    "node": "http://osmosis-rpc.osmosis-node:26657",
    "p2pPort": 12005,
    "pprofPort": 13005,
    "rpcPort": 11005,
    "testnet-1": Object {
      "channelId": 74,
      "counterpartyChannelId": 22,
    },
  },
  "persistence": Object {
    "binary": "persistenceCore",
    "binaryUrl": "https://github.com/persistenceOne/persistenceCore/releases/download/v0.1.3/persistenceCore-linux-amd64.tar.gz",
    "chainId": "test-core-1",
    "denom": "uxprt",
    "devnet-1": Object {
      "channelId": 120,
      "counterpartyChannelId": 25,
    },
    "fees": 100000000000,
    "home": "/tmp/localnet/config/persistence/test-core-1",
    "node": "https://persistence.testnet.rpc.audit.one:443",
    "p2pPort": 12006,
    "pprofPort": 13006,
    "prefix": "persistence",
    "rpcPort": 11006,
    "testnet-1": Object {
      "channelId": 15,
      "counterpartyChannelId": 24,
      "receiver": Object {
        "denom": "ibc/2915CCA550DA6840CB2D4F5BC95A067A7924A767B2EBEB3227DD66124AA8A626",
        "fees": 150000,
        "gas": 300000,
      },
    },
  },
  "sentinel": Object {
    "binary": "sentinelhub",
    "chainId": "sentinelhub-2",
    "denom": "udvpn",
    "devnet-1": Object {
      "channelId": 79,
      "counterpartyChannelId": 19,
    },
    "disabled": true,
    "fees": 20000,
    "home": "/tmp/localnet/config/sentinel/sentinelhub-2",
    "node": "http://rpc.sentinel.co:26657",
    "p2pPort": 12004,
    "pprofPort": 13004,
    "prefix": "sent",
    "rpcPort": 11004,
    "sourceRelativePath": "sentinel-0.1.4",
    "sourceUrl": "https://github.com/sentinel-official/sentinel/archive/refs/tags/v0.1.4.zip",
    "testnet-1": Object {
      "channelId": 39,
      "counterpartyChannelId": 2,
    },
  },
  "sifchain": Object {
    "betanet": Object {
      "chainId": "sifchain-1",
      "node": "https://rpc.sifchain.finance:443",
    },
    "binary": "sifnoded",
    "binaryUrl": "https://github.com/Sifchain/sifnode/releases/download/betanet-0.9.10/sifnoded-betanet-0.9.10-linux-amd64.zip",
    "chainId": "sifchain-testnet-1",
    "denom": "rowan",
    "devnet-1": Object {
      "chainId": "sifchain-devnet-1",
      "node": "https://rpc-devnet.sifchain.finance:443",
    },
    "fees": 100000,
    "home": "/tmp/localnet/config/sifchain/sifchain-testnet-1",
    "node": "https://rpc-testnet.sifchain.finance:443",
    "p2pPort": 12000,
    "pprofPort": 13000,
    "prefix": "sif",
    "rpcPort": 11000,
    "testnet-1": Object {
      "chainId": "sifchain-testnet-1",
      "node": "https://rpc-testnet.sifchain.finance:443",
    },
  },
  "terra": Object {
    "binary": "terrad",
    "binaryUrl": "https://github.com/terra-money/core/releases/download/v0.5.10/terra_0.5.10_Linux_x86_64.tar.gz",
    "chainId": "bombay-10",
    "denom": "uluna",
    "devnet-1": Object {
      "channelId": 123,
      "counterpartyChannelId": 3,
    },
    "disabled": true,
    "fees": 0,
    "home": "/tmp/localnet/config/terra/bombay-10",
    "node": "http://3.34.120.243:26657",
    "p2pPort": 12007,
    "pprofPort": 13007,
    "prefix": "terra",
    "rpcPort": 11007,
    "testnet-1": Object {
      "channelId": 29,
      "counterpartyChannelId": 4,
    },
  },
}
`;
